2026-05-22T12:14:32.364785 search:start keyword='115-29-7'
2026-05-22T12:14:32.366690 search:db-connected
2026-05-22T12:14:32.368098 search:exact-result found=True
2026-05-22T12:14:42.200664 search:start keyword='115-29-7'
2026-05-22T12:14:42.201912 search:db-connected
2026-05-22T12:14:42.203563 search:exact-result found=True
2026-05-22T12:18:03.239531 search:start keyword='115-29-7'
2026-05-22T12:18:03.243878 search:db-connected
2026-05-22T12:18:03.245612 search:exact-result found=True
2026-05-22T12:18:03.245756 search:chemical-id 260
2026-05-22T12:18:03.246559 search:basic-info found=True
2026-05-22T12:18:03.248576 search:msds-count 16
2026-05-22T12:18:03.248773 search:db-closed
2026-05-22T12:18:03.248948 search:processed-count 16
2026-05-22T12:18:03.249314 search:query-analysis targets=[]
2026-05-22T12:18:03.250619 search:label-available True
2026-05-22T12:19:17.797724 search:start keyword='115-29-7'
2026-05-22T12:19:17.799079 search:db-connected
2026-05-22T12:19:17.800449 search:exact-result found=True
2026-05-22T12:19:17.800601 search:chemical-id 260
2026-05-22T12:19:17.801329 search:basic-info found=True
2026-05-22T12:19:17.802114 search:msds-count 16
2026-05-22T12:19:17.802331 search:db-closed
2026-05-22T12:19:17.802551 search:processed-count 16
2026-05-22T12:19:17.802738 search:query-analysis targets=[]
2026-05-22T12:19:17.804248 search:label-available True
2026-05-22T12:24:50.189890 search:start keyword='107-10-8'
2026-05-22T12:24:50.213396 search:db-connected
2026-05-22T12:24:50.214959 search:exact-result found=True
2026-05-22T12:24:50.215134 search:chemical-id 359
2026-05-22T12:24:50.216096 search:basic-info found=True
2026-05-22T12:24:50.233500 search:msds-count 16
2026-05-22T12:24:50.233877 search:db-closed
2026-05-22T12:24:50.234155 search:processed-count 16
2026-05-22T12:24:50.234472 search:query-analysis targets=[]
2026-05-22T12:24:50.235942 search:label-available True
2026-05-22T12:25:20.039186 search:start keyword='乙醇'
2026-05-22T12:25:20.060392 search:db-connected
2026-05-22T12:25:20.062487 search:exact-result found=False
2026-05-22T12:25:20.067361 search:fuzzy-result found=True
2026-05-22T12:25:20.067556 search:chemical-id 1523
2026-05-22T12:25:20.068027 search:basic-info found=True
2026-05-22T12:25:20.069821 search:msds-count 16
2026-05-22T12:25:20.070250 search:db-closed
2026-05-22T12:25:20.070634 search:processed-count 16
2026-05-22T12:25:20.071033 search:query-analysis targets=[]
2026-05-22T12:25:20.072238 search:label-available True
2026-05-22T12:25:35.022405 search:start keyword='64-17-5'
2026-05-22T12:25:35.035858 search:db-connected
2026-05-22T12:25:35.037173 search:exact-result found=True
2026-05-22T12:25:35.037403 search:chemical-id 2
2026-05-22T12:25:35.037897 search:basic-info found=True
2026-05-22T12:25:35.075310 search:msds-count 16
2026-05-22T12:25:35.075634 search:db-closed
2026-05-22T12:25:35.075872 search:processed-count 16
2026-05-22T12:25:35.076076 search:query-analysis targets=[]
2026-05-22T12:25:35.077132 search:label-available True
